// Jest Snapshot v1, https://goo.gl/fbAQLP

exports[`<AddressForm /> Address Form same as snapshot 1`] = `ReactWrapper {}`;

exports[`<ApplicationPage /> application page same as snapshot 1`] = `ReactWrapper {}`;

exports[`<ElectricalRateForm /> Electrical Rate Form same as snapshot 1`] = `ReactWrapper {}`;

exports[`<StepperNav /> StepperNav containes same as snapshot 1`] = `ReactWrapper {}`;
